files/58.csv
id,week,center_id,meal_id,checkout_price,base_price,emailer_for_promotion,homepage_featured,num_orders
1127153,1,58,2581,585.94,611.13,1,1,189
1458202,2,58,2581,581.03,612.13,1,1,350
1223931,3,58,2581,611.13,612.13,0,0,109
1144549,4,58,2581,612.13,610.13,0,0,68
1045368,5,58,2581,619.83,619.83,0,0,94
1454731,6,58,2581,620.83,619.83,0,0,108
1134226,7,58,2581,620.83,621.83,0,0,109
1360587,8,58,2581,611.16,610.16,0,0,42
1216457,9,58,2581,581.03,582.03,0,0,215
1244997,10,58,2581,582.97,584.97,0,0,244
1307022,11,58,2581,585.91,586.91,0,0,123
1482251,12,58,2581,534.53,586.91,1,1,297
1481246,13,58,2581,534.53,584.91,1,1,189
1135106,14,58,2581,639.23,640.23,0,0,189
1032202,15,58,2581,639.23,640.23,0,0,188
1349831,16,58,2581,641.23,640.23,0,0,67
1122539,17,58,2581,640.23,639.23,0,0,82
1341134,18,58,2581,641.23,639.23,0,0,67
1306721,19,58,2581,598.55,598.55,0,0,230
1340842,20,58,2581,491.85,597.55,1,1,325
1070896,21,58,2581,484.03,597.55,1,1,229
1358575,22,58,2581,640.23,641.23,0,0,82
1328107,23,58,2581,639.23,640.23,0,0,40
1142489,24,58,2581,641.23,639.23,0,0,26
1107346,25,58,2581,641.23,639.23,0,0,108
1332659,26,58,2581,485.03,640.23,1,1,53
1197531,27,58,2581,484.03,640.23,1,0,96
1168916,28,58,2581,641.23,641.23,0,0,40
1220460,29,58,2581,640.23,639.23,0,0,54
1292421,30,58,2581,640.23,640.23,0,0,68
1293102,31,58,2581,639.23,639.23,0,0,82
1417594,32,58,2581,641.23,641.23,0,0,121
1307504,33,58,2581,641.23,639.23,0,0,82
1457310,34,58,2581,639.23,640.23,0,0,14
1325913,35,58,2581,640.23,640.23,0,0,107
1386791,36,58,2581,640.23,639.23,0,0,55
1373132,37,58,2581,435.59,641.23,1,1,487
1273466,38,58,2581,434.59,639.23,1,1,555
1332548,39,58,2581,446.23,641.23,0,0,230
1323622,40,58,2581,435.59,640.23,0,1,148
1403424,41,58,2581,639.23,641.23,0,1,121
1038446,42,58,2581,640.23,639.23,0,0,27
1242983,44,58,2581,631.53,630.53,0,0,150
1205878,45,58,2581,534.53,630.53,1,0,122
1291425,47,58,2581,533.53,629.53,1,0,96
1171226,48,58,2581,640.23,639.23,0,0,135
1281680,49,58,2581,641.23,640.23,0,0,109
1240424,50,58,2581,640.23,639.23,0,0,148
1273435,51,58,2581,641.23,640.23,0,0,95
1499561,52,58,2581,639.23,639.23,0,0,109
1444224,53,58,2581,640.23,639.23,0,0,122
1322100,54,58,2581,624.71,625.71,0,0,135
1377046,55,58,2581,488.91,624.71,1,1,473
1303230,56,58,2581,639.23,640.23,0,0,14
1235112,57,58,2581,641.23,640.23,0,0,68
1093560,58,58,2581,641.23,640.23,0,0,107
1213218,59,58,2581,639.23,640.23,0,0,95
1033888,60,58,2581,640.23,641.23,0,0,69
1418067,61,58,2581,434.59,639.23,1,0,258
1110073,62,58,2581,434.59,639.23,0,0,69
1231930,63,58,2581,435.59,641.23,1,0,283
1146305,64,58,2581,433.59,639.23,1,1,352
1084248,65,58,2581,641.23,641.23,0,0,40
1342261,66,58,2581,639.23,641.23,0,0,150
1303228,67,58,2581,641.23,641.23,0,0,122
1385718,68,58,2581,641.23,639.23,0,0,53
1395742,69,58,2581,641.23,641.23,0,0,67
1360258,70,58,2581,640.23,640.23,0,0,55
1011979,71,58,2581,639.23,640.23,0,0,40
1009968,72,58,2581,639.23,640.23,0,0,41
1202318,73,58,2581,639.23,641.23,0,0,108
1305152,74,58,2581,641.23,641.23,0,0,42
1004176,75,58,2581,484.03,639.23,1,1,391
1283868,76,58,2581,486.03,640.23,1,1,176
1334554,77,58,2581,640.23,639.23,0,0,42
1026385,78,58,2581,610.13,612.13,0,0,82
1003765,79,58,2581,482.15,611.13,1,0,134
1461491,80,58,2581,639.23,641.23,0,0,41
1295106,81,58,2581,639.23,639.23,0,0,41
1078010,82,58,2581,641.23,640.23,0,0,53
1015638,83,58,2581,641.23,641.23,0,0,67
1160169,84,58,2581,486.03,639.23,1,1,243
1308487,85,58,2581,486.03,641.23,1,1,163
1086387,86,58,2581,485.03,641.23,0,0,134
1119873,87,58,2581,485.03,639.23,0,0,175
1153365,88,58,2581,482.09,640.23,0,1,230
1097770,89,58,2581,462.69,641.23,1,1,258
1010529,90,58,2581,486.03,640.23,0,0,67
1179532,91,58,2581,486.03,641.23,0,0,80
1485481,92,58,2581,438.47,641.23,1,1,431
1098098,93,58,2581,437.53,640.23,1,1,486
1484844,94,58,2581,641.23,641.23,0,0,94
1244894,95,58,2581,641.23,639.23,0,0,27
1233130,96,58,2581,641.23,640.23,0,0,55
1213258,97,58,2581,640.23,640.23,0,0,40
1032074,98,58,2581,534.5,641.23,1,0,26
1461499,99,58,2581,534.5,641.23,1,0,13
1331847,100,58,2581,639.23,641.23,0,0,162
1380378,101,58,2581,640.23,640.23,0,0,68
1391699,102,58,2581,639.23,639.23,0,0,94
1336849,103,58,2581,641.23,641.23,0,0,55
1474305,104,58,2581,640.23,639.23,0,0,26
1108443,105,58,2581,640.23,639.23,0,0,149
1409430,106,58,2581,641.23,639.23,0,0,121
1072279,107,58,2581,639.23,641.23,0,0,27
1191398,108,58,2581,490.85,640.23,0,1,339
1348727,109,58,2581,486.03,640.23,1,0,946
1491623,110,58,2581,641.23,639.23,0,0,149
1221717,111,58,2581,640.23,639.23,0,0,42
1452087,112,58,2581,639.23,641.23,0,0,150
1380516,113,58,2581,462.69,641.23,1,1,311
1132743,114,58,2581,463.69,641.23,1,1,352
1304312,115,58,2581,463.69,641.23,1,1,296
1052143,116,58,2581,464.69,641.23,1,1,229
1237506,117,58,2581,496.67,641.23,1,1,215
1282755,118,58,2581,640.23,639.23,0,0,82
1263147,119,58,2581,640.23,640.23,0,0,94
1262767,120,58,2581,660.63,659.63,0,0,41
1320673,121,58,2581,486,659.63,1,1,256
1338480,122,58,2581,658.63,659.63,0,0,162
1161066,123,58,2581,513.19,659.63,0,0,108
1055280,124,58,2581,513.19,659.63,0,0,69
1219264,125,58,2581,512.19,660.63,0,0,42
1183777,126,58,2581,513.19,659.63,1,1,325
1020863,127,58,2581,513.19,658.63,1,1,175
1461947,128,58,2581,513.19,658.63,0,0,94
1342373,129,58,2581,511.19,658.63,0,0,53
1192859,130,58,2581,486.03,659.63,1,1,285
1134999,131,58,2581,486.03,659.63,1,0,271
1446642,132,58,2581,540.32,658.63,0,0,107
1002490,133,58,2581,549.08,548.08,0,0,54
1292383,134,58,2581,548.08,549.08,0,0,123
1095787,135,58,2581,532.53,549.08,1,1,231
1319370,136,58,2581,534.5,549.08,1,1,244
1198443,137,58,2581,548.08,548.08,0,0,81
1194674,138,58,2581,547.08,547.08,0,0,54
1332469,139,58,2581,549.08,549.08,0,0,134
1094581,140,58,2581,549.08,547.08,0,0,67
1303700,141,58,2581,516.1,548.08,1,0,528
1011218,142,58,2581,515.13,548.08,1,1,324
1067226,143,58,2581,548.08,549.08,0,0,123
1005438,144,58,2581,549.08,548.08,0,0,176
1140175,145,58,2581,547.08,549.08,0,0,94
1000067,1,58,1962,583.03,610.13,1,1,229
1247918,2,58,1962,582.03,612.13,1,1,203
1023636,3,58,1962,612.13,611.13,0,0,96
1430976,4,58,1962,610.13,612.13,0,0,40
1085967,5,58,1962,615.98,614.98,0,0,80
1167076,6,58,1962,621.83,620.83,0,0,41
1428995,7,58,1962,621.83,619.83,0,0,26
1438158,8,58,1962,601.43,601.43,0,0,107
1118143,9,58,1962,583.03,583.03,0,0,54
1042256,10,58,1962,582.03,583.03,0,0,108
1298725,11,58,1962,557.78,557.78,0,0,26
1185580,12,58,1962,532.53,557.78,1,0,95
1454172,13,58,1962,532.53,557.78,1,0,122
1141740,14,58,1962,641.23,640.23,0,0,54
1180338,15,58,1962,640.23,640.23,0,0,28
1106821,16,58,1962,639.23,641.23,0,0,28
1178787,17,58,1962,639.23,640.23,0,0,107
1386853,18,58,1962,641.23,639.23,0,0,82
1135604,19,58,1962,639.23,639.23,0,0,150
1380748,20,58,1962,484.03,640.23,1,1,134
1016146,21,58,1962,485.03,639.23,1,1,107
1000260,22,58,1962,639.23,640.23,0,0,109
1493680,23,58,1962,640.23,639.23,0,0,80
1497280,24,58,1962,639.23,641.23,0,0,136
1186757,25,58,1962,602.43,602.43,0,0,108
1319270,26,58,1962,501.52,600.43,1,1,257
1468302,27,58,1962,486.03,602.43,1,0,107
1385029,28,58,1962,641.23,639.23,0,0,13
1483729,29,58,1962,639.23,639.23,0,0,53
1088066,30,58,1962,641.23,641.23,0,0,69
1403261,31,58,1962,639.23,639.23,0,0,28
1333456,32,58,1962,641.23,641.23,0,0,68
1376441,33,58,1962,641.23,641.23,0,0,96
1338190,34,58,1962,640.23,641.23,0,0,67
1031977,35,58,1962,639.23,641.23,0,0,53
1245226,36,58,1962,641.23,641.23,0,0,161
1065849,37,58,1962,434.59,640.23,1,1,352
1179812,38,58,1962,434.59,641.23,1,1,338
1369073,39,58,1962,458.84,640.23,0,1,229
1196950,40,58,1962,433.59,639.23,0,1,242
1487259,41,58,1962,640.23,640.23,0,1,148
1162032,42,58,1962,641.23,640.23,0,0,53
1102691,43,58,1962,639.23,641.23,0,0,82
1043660,44,58,1962,603.34,605.34,0,0,42
1314698,45,58,1962,534.53,605.34,1,0,69
1397498,46,58,1962,532.53,603.34,1,0,94
1322289,47,58,1962,533.53,603.34,1,0,55
1474559,48,58,1962,641.23,639.23,0,0,82
1228219,49,58,1962,640.23,639.23,0,0,95
1048483,50,58,1962,640.23,640.23,0,0,136
1130676,51,58,1962,641.23,640.23,0,0,95
1264436,52,58,1962,641.23,641.23,0,0,67
1395154,53,58,1962,640.23,641.23,0,0,42
1014356,54,58,1962,615.04,614.04,0,0,68
1247923,55,58,1962,492.76,614.04,1,1,231
1484432,56,58,1962,640.23,641.23,0,0,41
1267759,57,58,1962,639.23,640.23,0,0,27
1125290,58,58,1962,640.23,640.23,0,0,148
1283523,59,58,1962,640.23,639.23,0,0,41
1034192,60,58,1962,641.23,641.23,0,0,82
1471275,61,58,1962,433.59,641.23,1,0,285
1077714,62,58,1962,434.59,641.23,0,1,134
1174364,63,58,1962,434.59,640.23,1,0,175
1158514,64,58,1962,433.59,639.23,1,1,350
1061230,65,58,1962,639.23,639.23,0,0,40
1361517,66,58,1962,640.23,639.23,0,0,42
1380265,68,58,1962,639.23,640.23,0,0,14
1053335,69,58,1962,640.23,641.23,0,0,80
1007024,70,58,1962,641.23,641.23,0,0,53
1020755,71,58,1962,640.23,640.23,0,0,68
1206889,72,58,1962,640.23,640.23,0,0,26
1355494,73,58,1962,639.23,639.23,0,0,26
1362113,74,58,1962,640.23,641.23,0,0,54
1175198,75,58,1962,486.03,641.23,1,1,229
1375091,76,58,1962,485.03,641.23,1,1,108
1044364,78,58,1962,641.23,640.23,0,0,53
1294969,79,58,1962,464.69,641.23,1,0,134
1432361,81,58,1962,641.23,640.23,0,0,41
1086955,82,58,1962,640.23,639.23,0,0,55
1207169,83,58,1962,639.23,639.23,0,0,27
1265852,84,58,1962,499.61,640.23,1,1,311
1339234,85,58,1962,497.64,641.23,1,1,150
1131189,86,58,1962,484.03,639.23,0,0,81
1485442,87,58,1962,484.03,640.23,0,0,123
1052179,88,58,1962,480.18,641.23,0,1,283
1062385,89,58,1962,464.69,639.23,1,1,190
1205144,90,58,1962,486.03,641.23,0,0,15
1275861,91,58,1962,485.03,641.23,0,0,94
1154293,92,58,1962,439.41,639.23,1,1,339
1017941,93,58,1962,436.53,639.23,1,1,350
1174255,94,58,1962,640.23,640.23,0,0,42
1271166,95,58,1962,640.23,640.23,0,0,42
1194710,96,58,1962,641.23,639.23,0,0,69
1155460,97,58,1962,639.23,640.23,0,0,81
1013699,98,58,1962,535.5,639.23,1,0,67
1186851,99,58,1962,534.5,641.23,1,0,122
1055223,100,58,1962,639.23,640.23,0,0,95
1184476,101,58,1962,640.23,639.23,0,0,134
1155803,102,58,1962,640.23,639.23,0,0,69
1472762,103,58,1962,640.23,639.23,0,0,40
1276184,104,58,1962,639.23,639.23,0,0,69
1224556,105,58,1962,641.23,640.23,0,0,53
1155091,106,58,1962,639.23,639.23,0,0,68
1225511,107,58,1962,640.23,639.23,0,0,14
1374759,108,58,1962,493.76,641.23,0,1,242
1326637,109,58,1962,488.88,639.23,1,1,405
1117507,110,58,1962,639.23,641.23,0,0,82
1428052,111,58,1962,639.23,639.23,0,0,55
1252044,112,58,1962,639.23,640.23,0,0,68
1409440,113,58,1962,462.69,640.23,1,1,257
1110439,114,58,1962,462.69,639.23,1,0,324
1369004,115,58,1962,463.69,639.23,1,1,176
1027198,116,58,1962,462.69,639.23,1,1,202
1428134,117,58,1962,462.69,639.23,1,1,175
1390743,118,58,1962,640.23,641.23,0,0,55
1469413,120,58,1962,660.63,660.63,0,0,15
1429352,121,58,1962,497.67,659.63,1,1,217
1187076,122,58,1962,658.63,660.63,0,0,28
1293568,123,58,1962,560.66,659.63,0,0,41
1117054,124,58,1962,513.19,660.63,0,0,107
1029449,125,58,1962,513.19,658.63,0,0,15
1387237,126,58,1962,512.19,660.63,1,1,242
1245503,127,58,1962,511.19,658.63,1,0,216
1241340,128,58,1962,513.19,660.63,0,0,95
1007855,129,58,1962,512.19,658.63,0,0,162
1400983,130,58,1962,486.94,658.63,1,1,271
1270732,131,58,1962,485,660.63,1,1,364
1453338,132,58,1962,549.08,659.63,0,0,108
1048560,133,58,1962,549.08,548.08,0,0,82
1297979,134,58,1962,549.08,547.08,0,0,68
1492275,135,58,1962,533.5,548.08,1,1,230
1138825,136,58,1962,533.53,547.08,1,1,204
1041049,137,58,1962,549.08,547.08,0,0,27
1173353,138,58,1962,547.08,549.08,0,0,81
1457947,139,58,1962,549.08,547.08,0,0,176
1420084,140,58,1962,549.08,547.08,0,0,135
1326953,141,58,1962,511.22,547.08,1,1,378
1217258,142,58,1962,505.4,547.08,1,1,231
1247346,143,58,1962,548.08,549.08,0,0,122
1164931,144,58,1962,549.08,548.08,0,0,149
1053058,145,58,1962,548.08,548.08,0,0,95
1075863,1,58,1445,660.63,658.63,0,0,13
1201465,2,58,1445,659.63,660.63,0,0,14
1277012,3,58,1445,658.63,659.63,0,0,13
1281783,4,58,1445,660.63,658.63,0,0,40
1241204,5,58,1445,486.03,660.63,1,1,68
1434879,6,58,1445,581.06,660.63,0,1,94
1368584,7,58,1445,660.63,659.63,0,0,27
1329775,8,58,1445,660.63,659.63,0,0,27
1234984,9,58,1445,436.53,658.63,1,1,297
1383943,10,58,1445,453.05,659.63,1,0,244
1192158,11,58,1445,437.53,660.63,1,1,351
1062857,12,58,1445,659.63,658.63,0,0,28
1169980,14,58,1445,660.63,658.63,0,0,26
1324373,15,58,1445,707.13,709.13,0,0,15
1390709,16,58,1445,660.63,658.63,0,0,15
1491434,19,58,1445,658.63,660.63,0,0,26
1180917,21,58,1445,658.63,658.63,0,0,28
1011154,22,58,1445,659.63,660.63,0,0,13
1446981,25,58,1445,532.53,660.63,0,0,15
1277301,26,58,1445,533.53,660.63,0,0,14
1451567,27,58,1445,533.53,659.63,0,0,14
1053420,31,58,1445,659.63,660.63,0,0,15
1286280,32,58,1445,660.63,659.63,0,0,14
1059100,34,58,1445,485.03,660.63,0,0,26
1161105,35,58,1445,630.53,630.53,0,0,14
1008141,37,58,1445,629.53,629.53,0,0,26
1226779,39,58,1445,630.53,631.53,0,0,15
1048517,40,58,1445,485.03,630.53,1,0,54
1130004,41,58,1445,484.03,629.53,0,1,107
1100940,43,58,1445,631.53,631.53,0,0,14
1406297,44,58,1445,630.53,631.53,0,0,26
1115448,45,58,1445,629.53,631.53,0,0,55
1424340,49,58,1445,629.53,629.53,0,0,27
1250305,50,58,1445,631.53,631.53,0,0,26
1483657,51,58,1445,630.53,629.53,0,0,28
1169356,52,58,1445,387.03,629.53,1,1,352
1438007,53,58,1445,388.03,630.53,1,1,269
1158300,54,58,1445,629.53,629.53,0,1,41
1141032,58,58,1445,631.53,631.53,0,0,15
1344478,60,58,1445,485.03,630.53,1,0,80
1463984,61,58,1445,629.53,630.53,0,0,28
1028287,64,58,1445,629.53,631.53,0,0,28
1476059,65,58,1445,484.03,629.53,1,1,15
1267548,67,58,1445,631.53,629.53,0,0,15
1103853,68,58,1445,629.53,629.53,0,0,54
1229305,69,58,1445,484.03,629.53,1,1,190
1420640,70,58,1445,486.03,630.53,1,1,95
1385667,71,58,1445,630.53,629.53,0,1,26
1363979,72,58,1445,629.53,631.53,0,1,42
1135965,73,58,1445,631.53,629.53,0,0,55
1046276,74,58,1445,630.53,630.53,0,0,14
1468783,75,58,1445,668.33,670.33,0,0,26
1133924,76,58,1445,513.13,669.33,0,0,15
1302338,79,58,1445,515.13,669.33,0,0,14
1398281,80,58,1445,513.13,668.33,0,0,14
1141383,81,58,1445,551.93,670.33,0,0,40
1346838,83,58,1445,630.53,630.53,0,0,14
1260215,84,58,1445,629.53,629.53,0,0,14
1373095,88,58,1445,707.13,708.13,0,0,15
1427608,90,58,1445,428.77,707.13,1,0,82
1348107,91,58,1445,435.53,707.13,1,0,26
1319239,94,58,1445,437.53,708.13,1,0,80
1444751,95,58,1445,437.53,709.13,1,0,40
1274090,96,58,1445,709.13,709.13,0,0,13
1082340,100,58,1445,437.53,707.13,1,1,69
1277910,101,58,1445,437.53,707.13,0,0,68
1286940,102,58,1445,709.13,708.13,0,0,14
1494865,105,58,1445,707.13,709.13,0,0,26
1188431,106,58,1445,484.03,708.13,1,1,53
1209132,107,58,1445,485.03,709.13,1,1,67
1159322,109,58,1445,709.13,708.13,0,0,14
1186246,110,58,1445,389.03,709.13,1,0,15
1451361,111,58,1445,708.13,709.13,0,0,13
1016412,112,58,1445,709.13,709.13,0,0,15
1159167,114,58,1445,709.13,708.13,0,0,14
1317919,116,58,1445,707.13,707.13,0,0,14
1047994,117,58,1445,728.53,726.53,0,0,13
1394940,120,58,1445,727.53,726.53,0,0,26
1244391,122,58,1445,461.72,728.53,1,1,150
1030625,123,58,1445,459.78,727.53,1,1,108
1250742,124,58,1445,726.53,727.53,0,1,26
1180655,125,58,1445,727.53,726.53,0,0,13
1028169,128,58,1445,726.53,727.53,0,0,15
1055448,130,58,1445,765.33,767.33,0,0,14
1296053,131,58,1445,766.33,767.33,0,0,13
1203653,133,58,1445,485.03,766.33,1,0,40
1054699,134,58,1445,486.03,767.33,1,1,148
1004797,138,58,1445,726.53,726.53,0,0,14
1494626,143,58,1445,581.03,727.53,0,1,53
