files/58.csv
id,week,center_id,meal_id,checkout_price,base_price,emailer_for_promotion,homepage_featured,num_orders
1137533,1,58,2304,504.43,505.43,0,0,14
1478914,3,58,2304,503.43,503.43,0,0,27
1119996,4,58,2304,505.43,505.43,0,0,14
1091330,5,58,2304,458.81,458.81,0,0,40
1458724,6,58,2304,438.5,458.81,1,0,40
1275252,7,58,2304,436.5,459.81,1,0,109
1420152,8,58,2304,437.5,438.5,0,0,68
1116039,9,58,2304,436.5,438.5,0,0,69
1083630,10,58,2304,504.43,504.43,0,0,15
1134821,11,58,2304,504.43,504.43,0,0,40
1455796,12,58,2304,503.43,503.43,0,0,28
1122724,14,58,2304,387.03,505.43,0,0,53
1165893,15,58,2304,387.03,505.43,1,0,42
1447644,16,58,2304,389.03,505.43,0,0,55
1018104,17,58,2304,389.03,503.43,0,0,81
1083999,18,58,2304,388.03,503.43,0,0,54
1137663,19,58,2304,389.03,504.43,0,0,81
1335326,20,58,2304,388.03,504.43,0,0,81
1072897,22,58,2304,505.43,505.43,0,0,26
1470971,23,58,2304,505.43,504.43,0,0,15
1151590,24,58,2304,505.43,504.43,0,0,15
1457863,27,58,2304,505.43,503.43,0,0,28
1370605,28,58,2304,505.43,504.43,0,0,26
1486264,29,58,2304,504.43,505.43,0,0,27
1406172,30,58,2304,503.43,503.43,0,0,14
1054503,31,58,2304,389.03,505.43,0,0,28
1105378,32,58,2304,387.03,503.43,1,1,135
1260320,33,58,2304,389.03,504.43,1,0,95
1471541,34,58,2304,387.03,504.43,0,0,55
1145506,35,58,2304,389.03,503.43,0,0,67
1203922,36,58,2304,476.33,474.33,0,0,54
1288817,37,58,2304,464.63,466.63,0,0,28
1278247,38,58,2304,464.63,465.63,0,0,27
1386750,39,58,2304,465.63,465.63,0,0,69
1444040,41,58,2304,464.63,466.63,0,0,27
1403952,42,58,2304,466.63,465.63,0,0,14
1457891,43,58,2304,393.82,466.63,1,0,161
1385146,44,58,2304,387.03,464.63,1,1,176
1387876,45,58,2304,387.03,465.63,0,0,68
1338044,46,58,2304,464.63,466.63,0,0,54
1493232,47,58,2304,465.63,465.63,0,0,40
1352666,48,58,2304,464.63,466.63,0,0,53
1401960,49,58,2304,466.63,465.63,0,0,68
1412251,50,58,2304,466.63,465.63,0,0,69
1334978,51,58,2304,464.63,464.63,0,0,40
1004167,52,58,2304,464.63,465.63,0,0,26
1243579,54,58,2304,466.63,466.63,0,0,15
1256625,55,58,2304,388.03,466.63,1,0,81
1251496,56,58,2304,389.03,466.63,0,0,13
1308161,57,58,2304,387.03,465.63,0,0,81
1312918,58,58,2304,388.03,465.63,0,0,53
1192129,59,58,2304,514.13,515.13,0,0,26
1128752,60,58,2304,513.13,513.13,0,0,26
1336324,61,58,2304,513.13,514.13,0,0,13
1345664,62,58,2304,515.13,515.13,0,0,14
1420715,64,58,2304,515.13,514.13,0,0,41
1092843,65,58,2304,515.13,513.13,0,0,28
1313719,66,58,2304,514.13,513.13,0,0,13
1409848,67,58,2304,514.13,513.13,0,0,13
1106102,68,58,2304,513.13,515.13,0,0,14
1492590,69,58,2304,513.13,515.13,0,0,28
1425415,70,58,2304,514.13,514.13,0,0,13
1304588,72,58,2304,377.33,514.13,1,1,81
1464024,73,58,2304,387.03,513.13,0,1,67
1380127,74,58,2304,389.03,515.13,0,1,41
1344154,75,58,2304,389.03,514.13,0,1,54
1349109,76,58,2304,514.13,513.13,0,1,42
1287324,78,58,2304,513.13,515.13,0,0,14
1251252,79,58,2304,514.13,513.13,0,0,13
1226002,80,58,2304,514.13,515.13,0,0,55
1395344,81,58,2304,513.13,514.13,0,0,27
1416720,82,58,2304,514.13,513.13,0,0,28
1304140,83,58,2304,387.03,515.13,1,0,96
1168792,84,58,2304,407.46,514.13,0,0,94
1315518,85,58,2304,388.03,513.13,0,0,67
1354927,86,58,2304,388.03,514.13,0,1,54
1436064,88,58,2304,514.13,513.13,0,0,28
1362657,90,58,2304,514.13,515.13,0,0,41
1045657,91,58,2304,515.13,513.13,0,0,40
1269128,92,58,2304,513.13,514.13,0,0,26
1398888,93,58,2304,513.13,515.13,0,0,13
1296698,94,58,2304,515.13,513.13,0,0,26
1359427,95,58,2304,473.39,472.39,0,0,55
1034076,96,58,2304,474.39,473.39,0,0,41
1406194,97,58,2304,473.39,472.39,0,0,15
1069128,98,58,2304,472.39,474.39,0,0,26
1260864,99,58,2304,473.39,474.39,0,0,15
1283375,100,58,2304,474.39,472.39,0,0,42
1334597,101,58,2304,472.39,472.39,0,0,69
1068623,102,58,2304,474.39,472.39,0,0,82
1165100,103,58,2304,474.39,472.39,0,0,53
1228818,104,58,2304,472.39,472.39,0,0,42
1077516,105,58,2304,474.39,474.39,0,0,41
1090615,106,58,2304,474.39,474.39,0,0,68
1094426,108,58,2304,473.39,473.39,0,0,28
1435801,109,58,2304,474.39,472.39,0,0,42
1394159,110,58,2304,473.39,472.39,0,0,68
1154680,111,58,2304,474.39,473.39,0,0,80
1322279,112,58,2304,473.39,473.39,0,0,13
1155948,113,58,2304,474.39,474.39,0,0,54
1257836,114,58,2304,473.39,473.39,0,0,53
1303236,115,58,2304,474.39,474.39,0,0,40
1473747,116,58,2304,474.39,474.39,0,0,26
1375758,117,58,2304,388.03,473.39,0,0,81
1015145,118,58,2304,389.03,473.39,0,0,27
1242294,119,58,2304,389.03,473.39,0,0,26
1007887,120,58,2304,387.03,473.39,0,0,54
1461292,121,58,2304,469.51,470.51,0,0,41
1327435,122,58,2304,469.51,468.51,0,0,40
1041097,123,58,2304,469.51,469.51,0,0,27
1041597,124,58,2304,468.51,470.51,0,0,42
1261025,125,58,2304,388.03,470.51,0,0,15
1328431,126,58,2304,389.03,470.51,0,0,42
1126016,127,58,2304,387.03,469.51,0,0,68
1016177,128,58,2304,389.03,469.51,0,0,28
1432795,129,58,2304,470.51,470.51,0,0,40
1025248,130,58,2304,468.51,468.51,0,0,27
1293298,131,58,2304,468.51,469.51,0,0,15
1182116,132,58,2304,468.51,469.51,0,0,53
1468062,133,58,2304,484.09,482.09,0,0,41
1319439,134,58,2304,483.09,483.09,0,0,55
1417170,135,58,2304,482.09,483.09,0,0,42
1442184,136,58,2304,483.09,482.09,0,0,54
1384555,137,58,2304,376.36,483.09,1,0,121
1266630,138,58,2304,388.03,483.09,0,0,28
1226488,139,58,2304,388.03,482.09,0,0,67
1276731,140,58,2304,483.09,484.09,0,0,26
1425702,141,58,2304,482.09,483.09,0,0,42
1164524,142,58,2304,473.42,471.42,0,0,122
1441663,143,58,2304,482.09,483.09,0,0,40
1051650,144,58,2304,483.09,483.09,0,0,14
1327366,145,58,2304,483.09,483.09,0,0,41
1294731,2,58,1248,93.15,231.83,1,0,96
1256225,3,58,1248,97,232.83,0,0,41
1415962,4,58,1248,94.15,231.83,0,0,55
1101708,5,58,1248,97,233.83,0,0,94
1265907,6,58,1248,250.32,250.32,0,0,27
1474799,8,58,1248,248.32,248.32,0,0,14
1083685,9,58,1248,244.47,243.47,0,0,41
1367019,10,58,1248,258.08,257.08,0,0,68
1112755,11,58,1248,254.2,252.2,0,0,41
1260181,12,58,1248,260.93,262.93,0,0,14
1134867,13,58,1248,262.93,261.93,0,0,28
1339985,14,58,1248,90.21,260.93,0,0,69
1265530,15,58,1248,94.15,260.93,1,0,270
1079280,16,58,1248,97.06,261.93,0,0,162
1178457,17,58,1248,93.12,261.93,0,1,82
1407782,18,58,1248,94.12,261.93,0,1,161
1273602,19,58,1248,257.11,260.93,0,1,123
1011593,20,58,1248,262.93,261.93,0,1,28
1151345,21,58,1248,227.95,260.93,0,1,80
1465686,22,58,1248,261.93,262.93,0,1,13
1262592,23,58,1248,191.09,262.93,0,1,67
1393494,24,58,1248,95.06,260.93,1,1,122
1186415,25,58,1248,95.12,260.93,0,1,176
1026991,26,58,1248,99,262.93,0,1,107
1064116,27,58,1248,89.27,261.93,0,1,188
1136349,28,58,1248,153.32,261.93,0,1,96
1183680,29,58,1248,148.44,261.93,0,1,68
1082264,30,58,1248,149.41,262.93,0,1,42
1219701,31,58,1248,148.41,262.93,0,1,42
1086238,32,58,1248,150.35,262.93,0,1,82
1429837,33,58,1248,148.41,261.93,1,0,95
1489801,34,58,1248,146.47,260.93,1,0,149
1019030,35,58,1248,150.35,261.93,0,0,69
1146744,36,58,1248,152.32,260.93,0,0,122
1443544,37,58,1248,149.41,262.93,0,0,42
1123684,38,58,1248,145.53,260.93,0,0,94
1351798,39,58,1248,147.5,147.5,0,0,67
1247168,40,58,1248,134.83,135.83,0,0,108
1100269,41,58,1248,97,134.83,1,0,190
1453628,42,58,1248,93.15,134.83,1,0,230
1378764,43,58,1248,144.56,145.56,0,0,68
1222638,44,58,1248,154.26,154.26,0,0,53
1034209,45,58,1248,153.26,155.26,0,0,15
1104941,46,58,1248,154.26,153.26,0,0,53
1297748,47,58,1248,154.26,153.26,0,0,13
1380946,48,58,1248,89.3,153.26,0,0,54
1041145,49,58,1248,95.09,155.26,0,0,80
1468986,50,58,1248,90.24,155.26,0,0,81
1220729,51,58,1248,98,155.26,0,0,28
1348648,52,58,1248,116.46,154.26,0,0,95
1474686,53,58,1248,144.59,143.59,0,0,82
1195465,54,58,1248,138.74,137.74,0,0,42
1472169,55,58,1248,138.74,138.74,0,0,15
1255273,56,58,1248,144.59,142.59,0,0,41
1329129,57,58,1248,155.26,154.26,0,0,27
1267504,58,58,1248,144.56,143.56,0,0,107
1389882,59,58,1248,149.41,148.41,0,0,95
1122582,60,58,1248,150.38,149.38,0,0,55
1167698,61,58,1248,148.41,149.41,0,0,40
1075360,62,58,1248,155.26,154.26,0,0,40
1365469,63,58,1248,153.26,154.26,0,0,41
1106230,64,58,1248,145.5,146.5,0,0,28
1020279,65,58,1248,148.44,149.44,0,0,54
1009404,66,58,1248,152.35,152.35,0,0,67
1012028,67,58,1248,148.44,147.44,0,0,68
1195336,68,58,1248,95.09,149.44,1,1,270
1065077,69,58,1248,94.12,149.44,1,0,122
1025064,70,58,1248,95.12,148.44,0,0,95
1049814,71,58,1248,97.97,149.44,0,0,94
1445883,72,58,1248,149.41,149.41,0,0,40
1146415,73,58,1248,152.32,153.32,0,0,135
1178843,74,58,1248,137.74,139.74,0,0,13
1465100,75,58,1248,150.41,149.41,0,0,81
1131423,76,58,1248,126.13,149.41,0,0,121
1370640,77,58,1248,91.21,149.41,0,0,123
1373606,78,58,1248,94.15,150.41,0,0,55
1393343,79,58,1248,95.06,148.41,0,0,161
1215517,80,58,1248,95.06,149.41,0,0,67
1010837,81,58,1248,147.5,145.5,0,0,55
1294294,82,58,1248,143.56,145.56,0,0,67
1226916,83,58,1248,149.44,149.44,0,0,107
1103788,84,58,1248,121.25,148.44,0,0,53
1120896,85,58,1248,100.88,148.44,1,0,94
1406922,86,58,1248,96.09,149.44,0,0,82
1121202,87,58,1248,93.15,148.44,0,0,82
1489212,88,58,1248,92.18,148.44,0,0,134
1223421,89,58,1248,92.21,147.44,0,0,41
1199359,90,58,1248,153.26,154.26,0,0,41
1189210,91,58,1248,153.26,154.26,0,0,28
1442986,92,58,1248,138.74,155.26,0,0,26
1057845,94,58,1248,143.59,144.59,0,0,42
1203918,95,58,1248,147.44,149.44,0,0,109
1027177,96,58,1248,145.5,147.5,0,0,82
1300958,97,58,1248,153.26,154.26,0,0,26
1486583,98,58,1248,154.26,153.26,0,0,41
1133354,99,58,1248,98,153.26,0,0,13
1356534,100,58,1248,95.09,154.26,0,0,82
1492125,101,58,1248,96.09,153.26,0,0,80
1295793,102,58,1248,96.06,153.26,0,0,54
1444739,103,58,1248,92.21,154.26,0,0,40
1392447,104,58,1248,93.15,153.26,0,0,68
1083993,105,58,1248,97.06,97.06,0,0,67
1147273,106,58,1248,155.26,154.26,0,0,42
1018870,107,58,1248,150.35,152.35,0,0,67
1058139,108,58,1248,155.26,155.26,0,0,14
1184779,109,58,1248,149.41,150.41,0,0,40
1240102,110,58,1248,150.41,149.41,0,0,42
1008630,111,58,1248,151.35,150.35,0,0,67
1322243,112,58,1248,149.41,149.41,0,0,42
1469559,113,58,1248,155.26,155.26,0,0,15
1430196,114,58,1248,150.41,149.41,0,0,41
1079066,115,58,1248,143.59,143.59,0,0,41
1071705,116,58,1248,155.26,153.26,0,0,13
1087959,117,58,1248,155.26,153.26,0,0,54
1161773,118,58,1248,154.26,153.26,0,0,28
1021238,119,58,1248,153.26,153.26,0,0,15
1219185,120,58,1248,143.59,143.59,0,0,40
1461517,121,58,1248,92.15,142.59,1,0,53
1195073,122,58,1248,91.21,144.59,0,0,53
1469154,123,58,1248,91.21,144.59,0,0,41
1133600,124,58,1248,99,142.59,0,0,14
1001604,125,58,1248,137.74,138.74,0,0,26
1287400,126,58,1248,150.41,150.41,0,0,40
1166991,127,58,1248,150.41,148.41,0,0,96
1203519,128,58,1248,151.35,151.35,0,0,68
1097502,129,58,1248,155.26,155.26,0,0,15
1170693,130,58,1248,147.44,147.44,0,0,53
1300903,131,58,1248,146.5,145.5,0,0,53
1231603,132,58,1248,139.74,137.74,0,0,28
1217254,134,58,1248,94.15,137.74,1,0,148
1466805,135,58,1248,92.21,137.74,0,0,53
1348222,136,58,1248,102.85,137.74,0,0,80
1136694,137,58,1248,87.3,139.74,0,0,13
1068451,138,58,1248,99,138.74,0,0,28
1013470,139,58,1248,93.12,137.74,0,0,67
1065935,140,58,1248,94.09,137.74,0,0,40
1172019,141,58,1248,143.59,144.59,0,0,40
1440522,142,58,1248,146.5,145.5,0,0,28
1074452,143,58,1248,154.26,154.26,0,0,28
1050206,144,58,1248,143.62,143.62,0,0,55
1069885,145,58,1248,153.26,153.26,0,0,13
1317057,3,58,1902,485.03,485.03,0,0,28
1011241,4,58,1902,485.03,484.03,0,0,27
1338153,6,58,1902,486.03,486.03,0,0,13
1156398,9,58,1902,486.03,485.03,0,0,14
1250646,10,58,1902,486.03,486.03,0,0,14
1470235,12,58,1902,485.03,486.03,0,0,14
1124017,13,58,1902,486.03,484.03,0,0,13
1010066,14,58,1902,454.93,454.93,0,0,13
1027624,18,58,1902,484.03,484.03,0,0,15
1146847,30,58,1902,485.03,486.03,0,0,14
1084173,31,58,1902,486.03,484.03,0,0,28
1292545,35,58,1902,484.03,486.03,0,0,26
1373395,36,58,1902,486.03,485.03,0,0,15
1311829,37,58,1902,486.03,485.03,0,0,13
1222894,38,58,1902,485.03,486.03,0,0,14
1440271,42,58,1902,484.03,484.03,0,0,13
1309439,44,58,1902,485.03,485.03,0,0,15
1492613,45,58,1902,485.03,485.03,0,0,15
1237929,46,58,1902,486.03,484.03,0,0,14
1149604,51,58,1902,484.03,486.03,0,0,14
1220803,52,58,1902,486.03,486.03,0,0,14
1092257,58,58,1902,485.03,485.03,0,0,13
1293480,59,58,1902,485.03,486.03,0,0,13
1417711,67,58,1902,446.23,446.23,0,0,14
1390229,69,58,1902,417.13,416.13,0,0,13
1144254,72,58,1902,446.23,446.23,0,0,13
1116132,75,58,1902,445.23,447.23,0,0,27
1287745,79,58,1902,446.23,447.23,0,0,13
1038277,80,58,1902,447.23,445.23,0,0,26
1099280,84,58,1902,446.23,447.23,0,0,15
1318766,88,58,1902,447.23,446.23,0,0,14
1164881,91,58,1902,445.23,446.23,0,0,13
1062607,96,58,1902,446.23,447.23,0,0,15
1219416,98,58,1902,446.23,447.23,0,0,15
1442181,102,58,1902,446.23,447.23,0,0,14
1277397,106,58,1902,389.03,446.23,0,0,15
1327480,107,58,1902,388.03,446.23,0,0,14
1223334,125,58,1902,445.23,447.23,0,0,13
1076065,128,58,1902,445.23,447.23,0,0,14
1267436,139,58,1902,389.03,445.23,0,0,15
1117143,140,58,1902,387.03,446.23,0,0,14
1110246,145,58,1902,445.23,445.23,0,0,13
1119223,3,58,2444,658.63,658.63,0,0,13
1242236,5,58,2444,484.03,658.63,1,1,55
1329448,6,58,2444,484.03,660.63,0,1,68
1467653,7,58,2444,659.63,660.63,0,0,13
1453174,8,58,2444,660.63,658.63,0,0,15
1248549,9,58,2444,435.53,659.63,1,1,365
1066311,10,58,2444,436.53,660.63,1,1,296
1207958,11,58,2444,451.05,659.63,1,1,242
1086995,19,58,2444,660.63,659.63,0,0,13
1483589,22,58,2444,658.63,659.63,0,0,13
1189586,25,58,2444,533.53,660.63,0,0,15
1342276,26,58,2444,532.53,659.63,0,0,53
1172135,30,58,2444,659.63,658.63,0,0,14
1317526,32,58,2444,709.13,709.13,0,0,15
1110662,33,58,2444,484.03,707.13,1,0,55
1033789,34,58,2444,486.03,709.13,0,0,26
1285793,35,58,2444,630.53,707.13,0,0,13
1330648,36,58,2444,630.53,708.13,0,0,15
1195425,37,58,2444,629.53,708.13,0,0,27
1085262,38,58,2444,630.53,709.13,0,0,14
1405988,40,58,2444,485.03,709.13,1,0,53
1077463,41,58,2444,484.03,707.13,0,0,108
1440974,42,58,2444,631.53,631.53,0,0,28
1291005,43,58,2444,629.53,629.53,0,0,14
1095658,44,58,2444,629.53,630.53,0,0,13
1234624,46,58,2444,631.53,631.53,0,0,15
1467890,48,58,2444,631.53,630.53,0,0,15
1386888,49,58,2444,629.53,631.53,0,0,26
1074957,50,58,2444,631.53,630.53,0,0,27
1109188,51,58,2444,631.53,631.53,0,0,13
1375889,52,58,2444,388.03,631.53,1,1,379
1253996,53,58,2444,399.64,629.53,1,1,351
1244564,54,58,2444,595.61,595.61,0,0,95
1454755,55,58,2444,630.53,631.53,0,0,41
1354185,57,58,2444,629.53,630.53,0,0,15
1119797,60,58,2444,484.03,629.53,1,0,27
1301148,65,58,2444,484.03,630.53,1,1,53
1387644,67,58,2444,630.53,630.53,0,0,55
1216846,68,58,2444,629.53,631.53,0,0,41
1162819,69,58,2444,485.03,630.53,1,1,134
1429107,70,58,2444,486.03,630.53,1,1,96
1365196,71,58,2444,630.53,630.53,0,0,28
1191283,72,58,2444,629.53,630.53,0,0,13
1089352,76,58,2444,544.23,629.53,0,0,55
1444085,77,58,2444,513.13,629.53,0,0,27
1120683,78,58,2444,513.13,629.53,0,0,13
1047473,79,58,2444,514.13,630.53,0,0,27
1233727,80,58,2444,513.13,629.53,0,0,14
1166502,81,58,2444,629.53,629.53,0,0,13
1383224,82,58,2444,631.53,631.53,0,0,41
1294210,83,58,2444,630.53,631.53,0,0,13
1408402,88,58,2444,709.13,708.13,0,0,26
1422186,89,58,2444,709.13,709.13,0,0,14
1170048,90,58,2444,437.53,708.13,1,0,42
1004191,94,58,2444,437.53,708.13,1,1,82
1486321,95,58,2444,435.53,707.13,1,0,135
1456309,97,58,2444,707.13,709.13,0,0,14
1285098,100,58,2444,435.53,709.13,1,1,162
1349924,101,58,2444,435.53,707.13,0,0,26
1168224,103,58,2444,709.13,707.13,0,0,15
1216352,105,58,2444,709.13,708.13,0,0,42
1393017,106,58,2444,486.03,709.13,1,0,53
1253503,107,58,2444,484.03,707.13,1,0,55
1399724,108,58,2444,708.13,709.13,0,0,27
1051618,109,58,2444,707.13,707.13,0,0,27
1385066,110,58,2444,389.03,709.13,1,0,94
1085389,111,58,2444,708.13,707.13,0,0,28
1095203,112,58,2444,707.13,709.13,0,0,28
1484151,113,58,2444,707.13,707.13,0,0,14
1248449,115,58,2444,707.13,708.13,0,0,13
1309079,120,58,2444,728.53,727.53,0,0,14
1415787,122,58,2444,460.78,728.53,1,1,161
1255599,123,58,2444,460.78,727.53,1,0,108
1105431,127,58,2444,726.53,727.53,0,0,13
1376680,132,58,2444,766.33,765.33,0,0,14
1326119,133,58,2444,484.03,765.33,1,0,69
1390069,134,58,2444,485.03,765.33,1,0,108
1459021,136,58,2444,765.33,765.33,0,0,14
1159311,138,58,2444,726.53,728.53,0,0,55
1006120,142,58,2444,728.53,728.53,0,0,15
1323906,143,58,2444,583.03,728.53,0,1,69
1464241,144,58,2444,583.03,727.53,1,1,82
1266826,145,58,2444,728.53,728.53,0,1,13
